/usr/local/lib/python3.12/dist-packages/vllm/entrypoints/openai/chat_completion/protocol.py:346: SyntaxWarning: invalid escape sequence '\e'
  "(e.g. 'abcdabcdabcd...' or '\emoji \emoji \emoji ...'). This feature "
/usr/local/lib/python3.12/dist-packages/vllm/entrypoints/openai/completion/protocol.py:176: SyntaxWarning: invalid escape sequence '\e'
  "(e.g. 'abcdabcdabcd...' or '\emoji \emoji \emoji ...'). This feature "
(APIServer pid=1833292) INFO 03-29 10:29:54 [utils.py:302] 
(APIServer pid=1833292) INFO 03-29 10:29:54 [utils.py:302]        █     █     █▄   ▄█
(APIServer pid=1833292) INFO 03-29 10:29:54 [utils.py:302]  ▄▄ ▄█ █     █     █ ▀▄▀ █  version 0.17.1
(APIServer pid=1833292) INFO 03-29 10:29:54 [utils.py:302]   █▄█▀ █     █     █     █  model   deepseek-ai/DeepSeek-V3.2
(APIServer pid=1833292) INFO 03-29 10:29:54 [utils.py:302]    ▀▀  ▀▀▀▀▀ ▀▀▀▀▀ ▀     ▀
(APIServer pid=1833292) INFO 03-29 10:29:54 [utils.py:302] 
(APIServer pid=1833292) INFO 03-29 10:29:54 [utils.py:238] non-default args: {'model_tag': 'deepseek-ai/DeepSeek-V3.2', 'enable_auto_tool_choice': True, 'tool_call_parser': 'deepseek_v32', 'host': '0.0.0.0', 'port': 8007, 'model': 'deepseek-ai/DeepSeek-V3.2', 'tokenizer_mode': 'deepseek_v32', 'trust_remote_code': True, 'quantization': 'fp8', 'reasoning_parser': 'deepseek_v3', 'tensor_parallel_size': 8}
(APIServer pid=1833292) The argument `trust_remote_code` is to be used with Auto classes. It has no effect here and is ignored.
(APIServer pid=1833292) The argument `trust_remote_code` is to be used with Auto classes. It has no effect here and is ignored.
(APIServer pid=1833292) The argument `trust_remote_code` is to be used with Auto classes. It has no effect here and is ignored.
(APIServer pid=1833292) You are using a model of type deepseek_v32 to instantiate a model of type deepseek_v3. This is not supported for all configurations of models and can yield errors.
(APIServer pid=1833292) INFO 03-29 10:29:54 [config.py:697] Detected quantization_config.scale_fmt=ue8m0; enabling UE8M0 for DeepGEMM.
(APIServer pid=1833292) INFO 03-29 10:29:55 [model.py:531] Resolved architecture: DeepseekV32ForCausalLM
(APIServer pid=1833292) INFO 03-29 10:29:55 [model.py:1554] Using max model len 163840
(APIServer pid=1833292) INFO 03-29 10:29:57 [scheduler.py:231] Chunked prefill is enabled with max_num_batched_tokens=8192.
(APIServer pid=1833292) INFO 03-29 10:29:57 [vllm.py:747] Asynchronous scheduling is enabled.
(APIServer pid=1833292) <frozen importlib._bootstrap_external>:1301: FutureWarning: The cuda.cudart module is deprecated and will be removed in a future release, please switch to use the cuda.bindings.runtime module instead.
(APIServer pid=1833292) <frozen importlib._bootstrap_external>:1301: FutureWarning: The cuda.nvrtc module is deprecated and will be removed in a future release, please switch to use the cuda.bindings.nvrtc module instead.
(APIServer pid=1833292) INFO 03-29 10:30:02 [cuda.py:248] Forcing kv cache block size to 64 for FlashMLA backend.
(EngineCore_DP0 pid=1833610) INFO 03-29 10:30:16 [core.py:101] Initializing a V1 LLM engine (v0.17.1) with config: model='deepseek-ai/DeepSeek-V3.2', speculative_config=None, tokenizer='deepseek-ai/DeepSeek-V3.2', skip_tokenizer_init=False, tokenizer_mode=deepseek_v32, revision=None, tokenizer_revision=None, trust_remote_code=True, dtype=torch.bfloat16, max_seq_len=163840, download_dir=None, load_format=auto, tensor_parallel_size=8, pipeline_parallel_size=1, data_parallel_size=1, disable_custom_all_reduce=False, quantization=fp8, enforce_eager=False, enable_return_routed_experts=False, kv_cache_dtype=auto, device_config=cuda, structured_outputs_config=StructuredOutputsConfig(backend='auto', disable_fallback=False, disable_any_whitespace=False, disable_additional_properties=False, reasoning_parser='deepseek_v3', reasoning_parser_plugin='', enable_in_reasoning=False), observability_config=ObservabilityConfig(show_hidden_metrics_for_version=None, otlp_traces_endpoint=None, collect_detailed_traces=None, kv_cache_metrics=False, kv_cache_metrics_sample=0.01, cudagraph_metrics=False, enable_layerwise_nvtx_tracing=False, enable_mfu_metrics=False, enable_mm_processor_stats=False, enable_logging_iteration_details=False), seed=0, served_model_name=deepseek-ai/DeepSeek-V3.2, enable_prefix_caching=True, enable_chunked_prefill=True, pooler_config=None, compilation_config={'level': None, 'mode': <CompilationMode.VLLM_COMPILE: 3>, 'debug_dump_path': None, 'cache_dir': '', 'compile_cache_save_format': 'binary', 'backend': 'inductor', 'custom_ops': ['+quant_fp8', 'none', '+quant_fp8'], 'splitting_ops': ['vllm::unified_attention', 'vllm::unified_attention_with_output', 'vllm::unified_mla_attention', 'vllm::unified_mla_attention_with_output', 'vllm::mamba_mixer2', 'vllm::mamba_mixer', 'vllm::short_conv', 'vllm::linear_attention', 'vllm::plamo2_mamba_mixer', 'vllm::gdn_attention_core', 'vllm::kda_attention', 'vllm::sparse_attn_indexer', 'vllm::rocm_aiter_sparse_attn_indexer', 'vllm::unified_kv_cache_update', 'vllm::unified_mla_kv_cache_update'], 'compile_mm_encoder': False, 'compile_sizes': [], 'compile_ranges_split_points': [36, 8192], 'inductor_compile_config': {'enable_auto_functionalized_v2': False, 'combo_kernels': True, 'benchmark_combo_kernel': True}, 'inductor_passes': {}, 'cudagraph_mode': <CUDAGraphMode.FULL_AND_PIECEWISE: (2, 1)>, 'cudagraph_num_of_warmups': 1, 'cudagraph_capture_sizes': [1, 2, 4, 8, 16, 24, 32, 40, 48, 56, 64, 72, 80, 88, 96, 104, 112, 120, 128, 136, 144, 152, 160, 168, 176, 184, 192, 200, 208, 216, 224, 232, 240, 248, 256, 272, 288, 304, 320, 336, 352, 368, 384, 400, 416, 432, 448, 464, 480, 496, 512], 'cudagraph_copy_inputs': False, 'cudagraph_specialize_lora': True, 'use_inductor_graph_partition': False, 'pass_config': {'fuse_norm_quant': True, 'fuse_act_quant': True, 'fuse_attn_quant': False, 'enable_sp': False, 'fuse_gemm_comms': False, 'fuse_allreduce_rms': True}, 'max_cudagraph_capture_size': 512, 'dynamic_shapes_config': {'type': <DynamicShapesType.BACKED: 'backed'>, 'evaluate_guards': False, 'assume_32_bit_indexing': False}, 'local_cache_dir': None, 'fast_moe_cold_start': True, 'static_all_moe_layers': []}
(EngineCore_DP0 pid=1833610) WARNING 03-29 10:30:16 [multiproc_executor.py:945] Reducing Torch parallelism from 96 threads to 1 to avoid unnecessary CPU contention. Set OMP_NUM_THREADS in the external environment to tune this value as needed.
(EngineCore_DP0 pid=1833610) INFO 03-29 10:30:16 [multiproc_executor.py:134] DP group leader: node_rank=0, node_rank_within_dp=0, master_addr=127.0.0.1, mq_connect_ip=192.168.214.14 (local), world_size=8, local_world_size=8
(Worker pid=1833799) INFO 03-29 10:30:34 [parallel_state.py:1393] world_size=8 rank=4 local_rank=4 distributed_init_method=tcp://127.0.0.1:54097 backend=nccl
(Worker pid=1833802) INFO 03-29 10:30:34 [parallel_state.py:1393] world_size=8 rank=7 local_rank=7 distributed_init_method=tcp://127.0.0.1:54097 backend=nccl
(Worker pid=1833795) INFO 03-29 10:30:35 [parallel_state.py:1393] world_size=8 rank=0 local_rank=0 distributed_init_method=tcp://127.0.0.1:54097 backend=nccl
(Worker pid=1833800) INFO 03-29 10:30:35 [parallel_state.py:1393] world_size=8 rank=5 local_rank=5 distributed_init_method=tcp://127.0.0.1:54097 backend=nccl
(Worker pid=1833796) INFO 03-29 10:30:35 [parallel_state.py:1393] world_size=8 rank=1 local_rank=1 distributed_init_method=tcp://127.0.0.1:54097 backend=nccl
(Worker pid=1833798) INFO 03-29 10:30:35 [parallel_state.py:1393] world_size=8 rank=3 local_rank=3 distributed_init_method=tcp://127.0.0.1:54097 backend=nccl
(Worker pid=1833797) INFO 03-29 10:30:35 [parallel_state.py:1393] world_size=8 rank=2 local_rank=2 distributed_init_method=tcp://127.0.0.1:54097 backend=nccl
(Worker pid=1833801) INFO 03-29 10:30:35 [parallel_state.py:1393] world_size=8 rank=6 local_rank=6 distributed_init_method=tcp://127.0.0.1:54097 backend=nccl
(Worker pid=1833802) <frozen importlib._bootstrap_external>:1301: FutureWarning: The cuda.cudart module is deprecated and will be removed in a future release, please switch to use the cuda.bindings.runtime module instead.
(Worker pid=1833802) <frozen importlib._bootstrap_external>:1301: FutureWarning: The cuda.nvrtc module is deprecated and will be removed in a future release, please switch to use the cuda.bindings.nvrtc module instead.
(Worker pid=1833798) <frozen importlib._bootstrap_external>:1301: FutureWarning: The cuda.cudart module is deprecated and will be removed in a future release, please switch to use the cuda.bindings.runtime module instead.
(Worker pid=1833798) <frozen importlib._bootstrap_external>:1301: FutureWarning: The cuda.nvrtc module is deprecated and will be removed in a future release, please switch to use the cuda.bindings.nvrtc module instead.
(Worker pid=1833796) <frozen importlib._bootstrap_external>:1301: FutureWarning: The cuda.cudart module is deprecated and will be removed in a future release, please switch to use the cuda.bindings.runtime module instead.
(Worker pid=1833796) <frozen importlib._bootstrap_external>:1301: FutureWarning: The cuda.nvrtc module is deprecated and will be removed in a future release, please switch to use the cuda.bindings.nvrtc module instead.
(Worker pid=1833800) <frozen importlib._bootstrap_external>:1301: FutureWarning: The cuda.cudart module is deprecated and will be removed in a future release, please switch to use the cuda.bindings.runtime module instead.
(Worker pid=1833800) <frozen importlib._bootstrap_external>:1301: FutureWarning: The cuda.nvrtc module is deprecated and will be removed in a future release, please switch to use the cuda.bindings.nvrtc module instead.
(Worker pid=1833799) <frozen importlib._bootstrap_external>:1301: FutureWarning: The cuda.cudart module is deprecated and will be removed in a future release, please switch to use the cuda.bindings.runtime module instead.
(Worker pid=1833799) <frozen importlib._bootstrap_external>:1301: FutureWarning: The cuda.nvrtc module is deprecated and will be removed in a future release, please switch to use the cuda.bindings.nvrtc module instead.
(Worker pid=1833801) <frozen importlib._bootstrap_external>:1301: FutureWarning: The cuda.cudart module is deprecated and will be removed in a future release, please switch to use the cuda.bindings.runtime module instead.
(Worker pid=1833801) <frozen importlib._bootstrap_external>:1301: FutureWarning: The cuda.nvrtc module is deprecated and will be removed in a future release, please switch to use the cuda.bindings.nvrtc module instead.
(Worker pid=1833795) <frozen importlib._bootstrap_external>:1301: FutureWarning: The cuda.cudart module is deprecated and will be removed in a future release, please switch to use the cuda.bindings.runtime module instead.
(Worker pid=1833795) <frozen importlib._bootstrap_external>:1301: FutureWarning: The cuda.nvrtc module is deprecated and will be removed in a future release, please switch to use the cuda.bindings.nvrtc module instead.
(Worker pid=1833797) <frozen importlib._bootstrap_external>:1301: FutureWarning: The cuda.cudart module is deprecated and will be removed in a future release, please switch to use the cuda.bindings.runtime module instead.
(Worker pid=1833797) <frozen importlib._bootstrap_external>:1301: FutureWarning: The cuda.nvrtc module is deprecated and will be removed in a future release, please switch to use the cuda.bindings.nvrtc module instead.
(Worker pid=1833795) INFO 03-29 10:30:37 [pynccl.py:111] vLLM is using nccl==2.27.5
(Worker pid=1833800) INFO 03-29 10:30:41 [parallel_state.py:1715] rank 5 in world size 8 is assigned as DP rank 0, PP rank 0, PCP rank 0, TP rank 5, EP rank 5, EPLB rank N/A
(Worker pid=1833796) INFO 03-29 10:30:41 [parallel_state.py:1715] rank 1 in world size 8 is assigned as DP rank 0, PP rank 0, PCP rank 0, TP rank 1, EP rank 1, EPLB rank N/A
(Worker pid=1833797) INFO 03-29 10:30:41 [parallel_state.py:1715] rank 2 in world size 8 is assigned as DP rank 0, PP rank 0, PCP rank 0, TP rank 2, EP rank 2, EPLB rank N/A
(Worker pid=1833799) INFO 03-29 10:30:41 [parallel_state.py:1715] rank 4 in world size 8 is assigned as DP rank 0, PP rank 0, PCP rank 0, TP rank 4, EP rank 4, EPLB rank N/A
(Worker pid=1833798) INFO 03-29 10:30:41 [parallel_state.py:1715] rank 3 in world size 8 is assigned as DP rank 0, PP rank 0, PCP rank 0, TP rank 3, EP rank 3, EPLB rank N/A
(Worker pid=1833801) INFO 03-29 10:30:41 [parallel_state.py:1715] rank 6 in world size 8 is assigned as DP rank 0, PP rank 0, PCP rank 0, TP rank 6, EP rank 6, EPLB rank N/A
(Worker pid=1833795) INFO 03-29 10:30:41 [parallel_state.py:1715] rank 0 in world size 8 is assigned as DP rank 0, PP rank 0, PCP rank 0, TP rank 0, EP rank 0, EPLB rank N/A
(Worker pid=1833802) INFO 03-29 10:30:41 [parallel_state.py:1715] rank 7 in world size 8 is assigned as DP rank 0, PP rank 0, PCP rank 0, TP rank 7, EP rank 7, EPLB rank N/A
(Worker pid=1833802) INFO 03-29 10:30:42 [base.py:106] Offloader set to NoopOffloader
(Worker pid=1833799) INFO 03-29 10:30:42 [base.py:106] Offloader set to NoopOffloader
(Worker pid=1833796) INFO 03-29 10:30:42 [base.py:106] Offloader set to NoopOffloader
(Worker pid=1833800) INFO 03-29 10:30:42 [base.py:106] Offloader set to NoopOffloader
(Worker pid=1833797) INFO 03-29 10:30:42 [base.py:106] Offloader set to NoopOffloader
(Worker pid=1833801) INFO 03-29 10:30:42 [base.py:106] Offloader set to NoopOffloader
(Worker pid=1833798) INFO 03-29 10:30:42 [base.py:106] Offloader set to NoopOffloader
(Worker pid=1833795) INFO 03-29 10:30:42 [base.py:106] Offloader set to NoopOffloader
(Worker pid=1833795) (Worker_TP0 pid=1833795) INFO 03-29 10:30:42 [gpu_model_runner.py:4281] Starting to load model deepseek-ai/DeepSeek-V3.2...
(Worker pid=1833795) (Worker_TP0 pid=1833795) INFO 03-29 10:30:42 [deep_gemm.py:100] DeepGEMM E8M0 enabled on current platform.
(Worker pid=1833795) (Worker_TP0 pid=1833795) INFO 03-29 10:30:43 [cuda.py:405] Using FLASHMLA_SPARSE attention backend out of potential backends: ['FLASHMLA_SPARSE'].
(Worker pid=1833795) (Worker_TP0 pid=1833795) INFO 03-29 10:30:43 [fp8.py:390] Using TRITON Fp8 MoE backend out of potential backends: ['TRITON', 'AITER', 'FLASHINFER_TRTLLM', 'FLASHINFER_CUTLASS', 'DEEPGEMM', 'MARLIN', 'BATCHED_DEEPGEMM', 'BATCHED_TRITON', 'XPU'].
(Worker pid=1833801) (Worker_TP6 pid=1833801) INFO 03-29 10:30:45 [weight_utils.py:561] Time spent downloading weights for deepseek-ai/DeepSeek-V3.2: 0.660743 seconds
(Worker pid=1833795) (Worker_TP0 pid=1833795) Loading safetensors checkpoint shards:   0% Completed | 0/163 [00:00<?, ?it/s]
(Worker pid=1833795) (Worker_TP0 pid=1833795) Loading safetensors checkpoint shards:   1% Completed | 1/163 [00:14<40:09, 14.87s/it]
(Worker pid=1833795) (Worker_TP0 pid=1833795) Loading safetensors checkpoint shards:   1% Completed | 2/163 [00:28<38:17, 14.27s/it]
(Worker pid=1833795) (Worker_TP0 pid=1833795) Loading safetensors checkpoint shards:   2% Completed | 3/163 [00:41<36:46, 13.79s/it]
(Worker pid=1833795) (Worker_TP0 pid=1833795) Loading safetensors checkpoint shards:   2% Completed | 4/163 [00:56<36:56, 13.94s/it]
(Worker pid=1833795) (Worker_TP0 pid=1833795) Loading safetensors checkpoint shards:   3% Completed | 5/163 [01:08<35:28, 13.47s/it]
(Worker pid=1833795) (Worker_TP0 pid=1833795) Loading safetensors checkpoint shards:   4% Completed | 6/163 [01:21<34:47, 13.30s/it]
(Worker pid=1833795) (Worker_TP0 pid=1833795) Loading safetensors checkpoint shards:   4% Completed | 7/163 [01:34<34:07, 13.12s/it]
(Worker pid=1833795) (Worker_TP0 pid=1833795) Loading safetensors checkpoint shards:   5% Completed | 8/163 [01:48<34:19, 13.29s/it]
(Worker pid=1833795) (Worker_TP0 pid=1833795) Loading safetensors checkpoint shards:   6% Completed | 9/163 [02:02<34:43, 13.53s/it]
(Worker pid=1833795) (Worker_TP0 pid=1833795) Loading safetensors checkpoint shards:   6% Completed | 10/163 [02:15<34:10, 13.40s/it]
(Worker pid=1833795) (Worker_TP0 pid=1833795) Loading safetensors checkpoint shards:   7% Completed | 11/163 [02:28<33:36, 13.27s/it]
(Worker pid=1833795) (Worker_TP0 pid=1833795) Loading safetensors checkpoint shards:   7% Completed | 12/163 [02:32<26:16, 10.44s/it]
(Worker pid=1833795) (Worker_TP0 pid=1833795) Loading safetensors checkpoint shards:   8% Completed | 13/163 [02:46<28:41, 11.48s/it]
(Worker pid=1833795) (Worker_TP0 pid=1833795) Loading safetensors checkpoint shards:   9% Completed | 14/163 [02:58<29:26, 11.86s/it]
(Worker pid=1833795) (Worker_TP0 pid=1833795) Loading safetensors checkpoint shards:   9% Completed | 15/163 [03:12<30:14, 12.26s/it]
(Worker pid=1833795) (Worker_TP0 pid=1833795) Loading safetensors checkpoint shards:  10% Completed | 16/163 [03:24<30:04, 12.27s/it]
(Worker pid=1833795) (Worker_TP0 pid=1833795) Loading safetensors checkpoint shards:  10% Completed | 17/163 [03:37<30:46, 12.65s/it]
(Worker pid=1833795) (Worker_TP0 pid=1833795) Loading safetensors checkpoint shards:  11% Completed | 18/163 [03:51<31:10, 12.90s/it]
(Worker pid=1833795) (Worker_TP0 pid=1833795) Loading safetensors checkpoint shards:  12% Completed | 19/163 [04:08<33:49, 14.10s/it]
(Worker pid=1833795) (Worker_TP0 pid=1833795) Loading safetensors checkpoint shards:  12% Completed | 20/163 [04:19<31:37, 13.27s/it]
(Worker pid=1833795) (Worker_TP0 pid=1833795) Loading safetensors checkpoint shards:  13% Completed | 21/163 [04:31<30:21, 12.82s/it]
(Worker pid=1833795) (Worker_TP0 pid=1833795) Loading safetensors checkpoint shards:  13% Completed | 22/163 [04:43<29:59, 12.76s/it]
(Worker pid=1833795) (Worker_TP0 pid=1833795) Loading safetensors checkpoint shards:  14% Completed | 23/163 [04:56<29:48, 12.77s/it]
(Worker pid=1833795) (Worker_TP0 pid=1833795) Loading safetensors checkpoint shards:  15% Completed | 24/163 [05:09<29:35, 12.78s/it]
(Worker pid=1833795) (Worker_TP0 pid=1833795) Loading safetensors checkpoint shards:  15% Completed | 25/163 [05:22<29:46, 12.95s/it]
(Worker pid=1833795) (Worker_TP0 pid=1833795) Loading safetensors checkpoint shards:  16% Completed | 26/163 [05:36<29:47, 13.05s/it]
(Worker pid=1833795) (Worker_TP0 pid=1833795) Loading safetensors checkpoint shards:  17% Completed | 27/163 [05:49<29:26, 12.99s/it]
(Worker pid=1833795) (Worker_TP0 pid=1833795) Loading safetensors checkpoint shards:  17% Completed | 28/163 [06:02<29:26, 13.09s/it]
(Worker pid=1833795) (Worker_TP0 pid=1833795) Loading safetensors checkpoint shards:  18% Completed | 29/163 [06:15<29:08, 13.05s/it]
(Worker pid=1833795) (Worker_TP0 pid=1833795) Loading safetensors checkpoint shards:  18% Completed | 30/163 [06:28<28:45, 12.98s/it]
(Worker pid=1833795) (Worker_TP0 pid=1833795) Loading safetensors checkpoint shards:  19% Completed | 31/163 [06:41<28:33, 12.98s/it]
(Worker pid=1833795) (Worker_TP0 pid=1833795) Loading safetensors checkpoint shards:  20% Completed | 32/163 [06:54<28:28, 13.04s/it]
(Worker pid=1833795) (Worker_TP0 pid=1833795) Loading safetensors checkpoint shards:  20% Completed | 33/163 [07:07<28:24, 13.11s/it]
(Worker pid=1833795) (Worker_TP0 pid=1833795) Loading safetensors checkpoint shards:  21% Completed | 34/163 [07:12<22:39, 10.54s/it]
(Worker pid=1833795) (Worker_TP0 pid=1833795) Loading safetensors checkpoint shards:  21% Completed | 35/163 [07:24<23:54, 11.21s/it]
(Worker pid=1833795) (Worker_TP0 pid=1833795) Loading safetensors checkpoint shards:  22% Completed | 36/163 [07:38<25:28, 12.04s/it]
(Worker pid=1833795) (Worker_TP0 pid=1833795) Loading safetensors checkpoint shards:  23% Completed | 37/163 [07:52<26:17, 12.52s/it]
(Worker pid=1833795) (Worker_TP0 pid=1833795) Loading safetensors checkpoint shards:  23% Completed | 38/163 [08:05<26:42, 12.82s/it]
(Worker pid=1833795) (Worker_TP0 pid=1833795) Loading safetensors checkpoint shards:  24% Completed | 39/163 [08:19<26:51, 13.00s/it]
(Worker pid=1833795) (Worker_TP0 pid=1833795) Loading safetensors checkpoint shards:  25% Completed | 40/163 [08:33<27:09, 13.25s/it]
(Worker pid=1833795) (Worker_TP0 pid=1833795) Loading safetensors checkpoint shards:  25% Completed | 41/163 [08:46<26:48, 13.19s/it]
(Worker pid=1833795) (Worker_TP0 pid=1833795) Loading safetensors checkpoint shards:  26% Completed | 42/163 [08:59<26:37, 13.20s/it]
(Worker pid=1833795) (Worker_TP0 pid=1833795) Loading safetensors checkpoint shards:  26% Completed | 43/163 [09:13<26:43, 13.37s/it]
(Worker pid=1833795) (Worker_TP0 pid=1833795) Loading safetensors checkpoint shards:  27% Completed | 44/163 [09:26<26:33, 13.39s/it]
(Worker pid=1833795) (Worker_TP0 pid=1833795) Loading safetensors checkpoint shards:  28% Completed | 45/163 [09:39<26:16, 13.36s/it]
(Worker pid=1833795) (Worker_TP0 pid=1833795) Loading safetensors checkpoint shards:  28% Completed | 46/163 [09:54<26:31, 13.61s/it]
(Worker pid=1833795) (Worker_TP0 pid=1833795) Loading safetensors checkpoint shards:  29% Completed | 47/163 [10:08<26:53, 13.91s/it]
(Worker pid=1833795) (Worker_TP0 pid=1833795) Loading safetensors checkpoint shards:  29% Completed | 48/163 [10:22<26:36, 13.88s/it]
(Worker pid=1833795) (Worker_TP0 pid=1833795) Loading safetensors checkpoint shards:  30% Completed | 49/163 [10:36<26:09, 13.77s/it]
(Worker pid=1833795) (Worker_TP0 pid=1833795) Loading safetensors checkpoint shards:  31% Completed | 50/163 [10:49<25:34, 13.58s/it]
(Worker pid=1833795) (Worker_TP0 pid=1833795) Loading safetensors checkpoint shards:  31% Completed | 51/163 [11:02<25:17, 13.55s/it]
(Worker pid=1833795) (Worker_TP0 pid=1833795) Loading safetensors checkpoint shards:  32% Completed | 52/163 [11:16<25:01, 13.53s/it]
(Worker pid=1833795) (Worker_TP0 pid=1833795) Loading safetensors checkpoint shards:  33% Completed | 53/163 [11:29<24:33, 13.40s/it]
(Worker pid=1833795) (Worker_TP0 pid=1833795) Loading safetensors checkpoint shards:  33% Completed | 54/163 [11:42<24:07, 13.28s/it]
(Worker pid=1833795) (Worker_TP0 pid=1833795) Loading safetensors checkpoint shards:  34% Completed | 55/163 [11:55<24:06, 13.39s/it]
(Worker pid=1833795) (Worker_TP0 pid=1833795) Loading safetensors checkpoint shards:  34% Completed | 56/163 [12:00<19:16, 10.81s/it]
(Worker pid=1833795) (Worker_TP0 pid=1833795) Loading safetensors checkpoint shards:  35% Completed | 57/163 [12:15<21:25, 12.12s/it]
(Worker pid=1833795) (Worker_TP0 pid=1833795) Loading safetensors checkpoint shards:  36% Completed | 58/163 [12:28<21:31, 12.30s/it]
(Worker pid=1833795) (Worker_TP0 pid=1833795) Loading safetensors checkpoint shards:  36% Completed | 59/163 [12:42<21:58, 12.68s/it]
(Worker pid=1833795) (Worker_TP0 pid=1833795) Loading safetensors checkpoint shards:  37% Completed | 60/163 [12:55<22:07, 12.89s/it]
(Worker pid=1833795) (Worker_TP0 pid=1833795) Loading safetensors checkpoint shards:  37% Completed | 61/163 [13:09<22:33, 13.26s/it]
(Worker pid=1833795) (Worker_TP0 pid=1833795) Loading safetensors checkpoint shards:  38% Completed | 62/163 [13:22<22:10, 13.17s/it]
(Worker pid=1833795) (Worker_TP0 pid=1833795) Loading safetensors checkpoint shards:  39% Completed | 63/163 [13:35<22:00, 13.20s/it]
(Worker pid=1833795) (Worker_TP0 pid=1833795) Loading safetensors checkpoint shards:  39% Completed | 64/163 [13:49<21:58, 13.32s/it]
(Worker pid=1833795) (Worker_TP0 pid=1833795) Loading safetensors checkpoint shards:  40% Completed | 65/163 [14:03<22:17, 13.65s/it]
(Worker pid=1833795) (Worker_TP0 pid=1833795) Loading safetensors checkpoint shards:  40% Completed | 66/163 [14:17<21:53, 13.54s/it]
(Worker pid=1833795) (Worker_TP0 pid=1833795) Loading safetensors checkpoint shards:  41% Completed | 67/163 [14:31<21:48, 13.63s/it]
(Worker pid=1833795) (Worker_TP0 pid=1833795) Loading safetensors checkpoint shards:  42% Completed | 68/163 [14:45<21:49, 13.79s/it]
(Worker pid=1833795) (Worker_TP0 pid=1833795) Loading safetensors checkpoint shards:  42% Completed | 69/163 [14:59<21:47, 13.90s/it]
(Worker pid=1833795) (Worker_TP0 pid=1833795) Loading safetensors checkpoint shards:  43% Completed | 70/163 [15:13<21:38, 13.96s/it]
(Worker pid=1833795) (Worker_TP0 pid=1833795) Loading safetensors checkpoint shards:  44% Completed | 71/163 [15:27<21:21, 13.93s/it]
(Worker pid=1833795) (Worker_TP0 pid=1833795) Loading safetensors checkpoint shards:  44% Completed | 72/163 [15:41<21:07, 13.93s/it]
(Worker pid=1833795) (Worker_TP0 pid=1833795) Loading safetensors checkpoint shards:  45% Completed | 73/163 [15:54<20:45, 13.84s/it]
(Worker pid=1833795) (Worker_TP0 pid=1833795) Loading safetensors checkpoint shards:  45% Completed | 74/163 [16:08<20:36, 13.89s/it]
(Worker pid=1833795) (Worker_TP0 pid=1833795) Loading safetensors checkpoint shards:  46% Completed | 75/163 [16:23<20:33, 14.02s/it]
(Worker pid=1833795) (Worker_TP0 pid=1833795) Loading safetensors checkpoint shards:  47% Completed | 76/163 [16:37<20:18, 14.00s/it]
(Worker pid=1833795) (Worker_TP0 pid=1833795) Loading safetensors checkpoint shards:  47% Completed | 77/163 [16:50<19:41, 13.74s/it]
(Worker pid=1833795) (Worker_TP0 pid=1833795) Loading safetensors checkpoint shards:  48% Completed | 78/163 [16:55<15:47, 11.15s/it]
(Worker pid=1833795) (Worker_TP0 pid=1833795) Loading safetensors checkpoint shards:  48% Completed | 79/163 [17:13<18:36, 13.29s/it]
(Worker pid=1833795) (Worker_TP0 pid=1833795) Loading safetensors checkpoint shards:  49% Completed | 80/163 [17:27<18:23, 13.30s/it]
(Worker pid=1833795) (Worker_TP0 pid=1833795) Loading safetensors checkpoint shards:  50% Completed | 81/163 [17:40<18:19, 13.41s/it]
(Worker pid=1833795) (Worker_TP0 pid=1833795) Loading safetensors checkpoint shards:  50% Completed | 82/163 [17:54<18:18, 13.56s/it]
(Worker pid=1833795) (Worker_TP0 pid=1833795) Loading safetensors checkpoint shards:  51% Completed | 83/163 [18:08<18:23, 13.79s/it]
(Worker pid=1833795) (Worker_TP0 pid=1833795) Loading safetensors checkpoint shards:  52% Completed | 84/163 [18:23<18:15, 13.86s/it]
(Worker pid=1833795) (Worker_TP0 pid=1833795) Loading safetensors checkpoint shards:  52% Completed | 85/163 [18:36<17:43, 13.63s/it]
(Worker pid=1833795) (Worker_TP0 pid=1833795) Loading safetensors checkpoint shards:  53% Completed | 86/163 [18:49<17:14, 13.43s/it]
(Worker pid=1833795) (Worker_TP0 pid=1833795) Loading safetensors checkpoint shards:  53% Completed | 87/163 [19:02<17:07, 13.52s/it]
(Worker pid=1833795) (Worker_TP0 pid=1833795) Loading safetensors checkpoint shards:  54% Completed | 88/163 [19:16<16:55, 13.55s/it]
(Worker pid=1833795) (Worker_TP0 pid=1833795) Loading safetensors checkpoint shards:  55% Completed | 89/163 [19:29<16:41, 13.53s/it]
(Worker pid=1833795) (Worker_TP0 pid=1833795) Loading safetensors checkpoint shards:  55% Completed | 90/163 [19:43<16:32, 13.60s/it]
(Worker pid=1833795) (Worker_TP0 pid=1833795) Loading safetensors checkpoint shards:  56% Completed | 91/163 [19:57<16:30, 13.75s/it]
(Worker pid=1833795) (Worker_TP0 pid=1833795) Loading safetensors checkpoint shards:  56% Completed | 92/163 [20:12<16:43, 14.13s/it]
(Worker pid=1833795) (Worker_TP0 pid=1833795) Loading safetensors checkpoint shards:  57% Completed | 93/163 [20:27<16:48, 14.41s/it]
(Worker pid=1833795) (Worker_TP0 pid=1833795) Loading safetensors checkpoint shards:  58% Completed | 94/163 [20:42<16:40, 14.50s/it]
(Worker pid=1833795) (Worker_TP0 pid=1833795) Loading safetensors checkpoint shards:  58% Completed | 95/163 [20:56<16:11, 14.29s/it]
(Worker pid=1833795) (Worker_TP0 pid=1833795) Loading safetensors checkpoint shards:  59% Completed | 96/163 [21:11<16:20, 14.63s/it]
(Worker pid=1833795) (Worker_TP0 pid=1833795) Loading safetensors checkpoint shards:  60% Completed | 97/163 [21:26<16:13, 14.76s/it]
(Worker pid=1833795) (Worker_TP0 pid=1833795) Loading safetensors checkpoint shards:  60% Completed | 98/163 [21:41<15:57, 14.74s/it]
(Worker pid=1833795) (Worker_TP0 pid=1833795) Loading safetensors checkpoint shards:  61% Completed | 99/163 [21:56<15:55, 14.93s/it]
(Worker pid=1833795) (Worker_TP0 pid=1833795) Loading safetensors checkpoint shards:  61% Completed | 100/163 [22:02<12:48, 12.20s/it]
(Worker pid=1833795) (Worker_TP0 pid=1833795) Loading safetensors checkpoint shards:  62% Completed | 101/163 [22:17<13:26, 13.00s/it]
(Worker pid=1833795) (Worker_TP0 pid=1833795) Loading safetensors checkpoint shards:  63% Completed | 102/163 [22:31<13:37, 13.39s/it]
(Worker pid=1833795) (Worker_TP0 pid=1833795) Loading safetensors checkpoint shards:  63% Completed | 103/163 [22:47<13:59, 14.00s/it]
(Worker pid=1833795) (Worker_TP0 pid=1833795) Loading safetensors checkpoint shards:  64% Completed | 104/163 [23:02<14:02, 14.28s/it]
(Worker pid=1833795) (Worker_TP0 pid=1833795) Loading safetensors checkpoint shards:  64% Completed | 105/163 [23:16<13:50, 14.31s/it]
(Worker pid=1833795) (Worker_TP0 pid=1833795) Loading safetensors checkpoint shards:  65% Completed | 106/163 [23:32<13:58, 14.71s/it]
(Worker pid=1833795) (Worker_TP0 pid=1833795) Loading safetensors checkpoint shards:  66% Completed | 107/163 [23:46<13:32, 14.51s/it]
(Worker pid=1833795) (Worker_TP0 pid=1833795) Loading safetensors checkpoint shards:  66% Completed | 108/163 [24:00<13:20, 14.55s/it]
(Worker pid=1833795) (Worker_TP0 pid=1833795) Loading safetensors checkpoint shards:  67% Completed | 109/163 [24:17<13:31, 15.02s/it]
(Worker pid=1833795) (Worker_TP0 pid=1833795) Loading safetensors checkpoint shards:  67% Completed | 110/163 [24:34<13:51, 15.69s/it]
(Worker pid=1833795) (Worker_TP0 pid=1833795) Loading safetensors checkpoint shards:  68% Completed | 111/163 [24:48<13:19, 15.38s/it]
(Worker pid=1833795) (Worker_TP0 pid=1833795) Loading safetensors checkpoint shards:  69% Completed | 112/163 [25:03<12:53, 15.16s/it]
(Worker pid=1833795) (Worker_TP0 pid=1833795) Loading safetensors checkpoint shards:  69% Completed | 113/163 [25:18<12:29, 14.99s/it]
(Worker pid=1833795) (Worker_TP0 pid=1833795) Loading safetensors checkpoint shards:  70% Completed | 114/163 [25:33<12:13, 14.96s/it]
(Worker pid=1833795) (Worker_TP0 pid=1833795) Loading safetensors checkpoint shards:  71% Completed | 115/163 [25:49<12:17, 15.36s/it]
(Worker pid=1833795) (Worker_TP0 pid=1833795) Loading safetensors checkpoint shards:  71% Completed | 116/163 [26:05<12:16, 15.66s/it]
(Worker pid=1833795) (Worker_TP0 pid=1833795) Loading safetensors checkpoint shards:  72% Completed | 117/163 [26:23<12:27, 16.24s/it]
(Worker pid=1833795) (Worker_TP0 pid=1833795) Loading safetensors checkpoint shards:  72% Completed | 118/163 [26:38<11:52, 15.83s/it]
(Worker pid=1833795) (Worker_TP0 pid=1833795) Loading safetensors checkpoint shards:  73% Completed | 119/163 [26:52<11:17, 15.40s/it]
(Worker pid=1833795) (Worker_TP0 pid=1833795) Loading safetensors checkpoint shards:  74% Completed | 120/163 [27:05<10:26, 14.57s/it]
(Worker pid=1833795) (Worker_TP0 pid=1833795) Loading safetensors checkpoint shards:  74% Completed | 121/163 [27:17<09:45, 13.94s/it]
(Worker pid=1833795) (Worker_TP0 pid=1833795) Loading safetensors checkpoint shards:  75% Completed | 122/163 [27:22<07:39, 11.22s/it]
(Worker pid=1833795) (Worker_TP0 pid=1833795) Loading safetensors checkpoint shards:  75% Completed | 123/163 [27:35<07:49, 11.73s/it]
(Worker pid=1833795) (Worker_TP0 pid=1833795) Loading safetensors checkpoint shards:  76% Completed | 124/163 [27:47<07:44, 11.92s/it]
(Worker pid=1833795) (Worker_TP0 pid=1833795) Loading safetensors checkpoint shards:  77% Completed | 125/163 [28:00<07:41, 12.14s/it]
(Worker pid=1833795) (Worker_TP0 pid=1833795) Loading safetensors checkpoint shards:  77% Completed | 126/163 [28:14<07:53, 12.81s/it]
(Worker pid=1833795) (Worker_TP0 pid=1833795) Loading safetensors checkpoint shards:  78% Completed | 127/163 [28:33<08:46, 14.63s/it]
(Worker pid=1833795) (Worker_TP0 pid=1833795) Loading safetensors checkpoint shards:  79% Completed | 128/163 [28:46<08:10, 14.00s/it]
(Worker pid=1833795) (Worker_TP0 pid=1833795) Loading safetensors checkpoint shards:  79% Completed | 129/163 [28:58<07:39, 13.53s/it]
(Worker pid=1833795) (Worker_TP0 pid=1833795) Loading safetensors checkpoint shards:  80% Completed | 130/163 [29:11<07:15, 13.20s/it]
(Worker pid=1833795) (Worker_TP0 pid=1833795) Loading safetensors checkpoint shards:  80% Completed | 131/163 [29:23<06:57, 13.03s/it]
(Worker pid=1833795) (Worker_TP0 pid=1833795) Loading safetensors checkpoint shards:  81% Completed | 132/163 [29:36<06:42, 12.99s/it]
(Worker pid=1833795) (Worker_TP0 pid=1833795) Loading safetensors checkpoint shards:  82% Completed | 133/163 [29:50<06:36, 13.22s/it]
(Worker pid=1833795) (Worker_TP0 pid=1833795) Loading safetensors checkpoint shards:  82% Completed | 134/163 [30:04<06:26, 13.32s/it]
(Worker pid=1833795) (Worker_TP0 pid=1833795) Loading safetensors checkpoint shards:  83% Completed | 135/163 [30:17<06:13, 13.32s/it]
(Worker pid=1833795) (Worker_TP0 pid=1833795) Loading safetensors checkpoint shards:  83% Completed | 136/163 [30:32<06:15, 13.91s/it]
(Worker pid=1833795) (Worker_TP0 pid=1833795) Loading safetensors checkpoint shards:  84% Completed | 137/163 [30:47<06:11, 14.29s/it]
(Worker pid=1833795) (Worker_TP0 pid=1833795) Loading safetensors checkpoint shards:  85% Completed | 138/163 [31:02<06:03, 14.55s/it]
(Worker pid=1833795) (Worker_TP0 pid=1833795) Loading safetensors checkpoint shards:  85% Completed | 139/163 [31:16<05:40, 14.20s/it]
(Worker pid=1833795) (Worker_TP0 pid=1833795) Loading safetensors checkpoint shards:  86% Completed | 140/163 [31:29<05:22, 14.00s/it]
(Worker pid=1833795) (Worker_TP0 pid=1833795) Loading safetensors checkpoint shards:  87% Completed | 141/163 [31:39<04:41, 12.81s/it]
(Worker pid=1833795) (Worker_TP0 pid=1833795) Loading safetensors checkpoint shards:  87% Completed | 142/163 [31:53<04:31, 12.94s/it]
(Worker pid=1833795) (Worker_TP0 pid=1833795) Loading safetensors checkpoint shards:  88% Completed | 143/163 [32:06<04:19, 12.95s/it]
(Worker pid=1833795) (Worker_TP0 pid=1833795) Loading safetensors checkpoint shards:  88% Completed | 144/163 [32:20<04:12, 13.28s/it]
(Worker pid=1833795) (Worker_TP0 pid=1833795) Loading safetensors checkpoint shards:  89% Completed | 145/163 [32:33<03:57, 13.21s/it]
(Worker pid=1833795) (Worker_TP0 pid=1833795) Loading safetensors checkpoint shards:  90% Completed | 146/163 [32:46<03:45, 13.29s/it]
(Worker pid=1833795) (Worker_TP0 pid=1833795) Loading safetensors checkpoint shards:  90% Completed | 147/163 [33:02<03:45, 14.09s/it]
(Worker pid=1833795) (Worker_TP0 pid=1833795) Loading safetensors checkpoint shards:  91% Completed | 148/163 [33:17<03:32, 14.16s/it]
(Worker pid=1833795) (Worker_TP0 pid=1833795) Loading safetensors checkpoint shards:  91% Completed | 149/163 [33:31<03:20, 14.34s/it]
(Worker pid=1833795) (Worker_TP0 pid=1833795) Loading safetensors checkpoint shards:  92% Completed | 150/163 [33:47<03:12, 14.81s/it]
(Worker pid=1833795) (Worker_TP0 pid=1833795) Loading safetensors checkpoint shards:  93% Completed | 151/163 [34:02<02:57, 14.80s/it]
(Worker pid=1833795) (Worker_TP0 pid=1833795) Loading safetensors checkpoint shards:  93% Completed | 152/163 [34:18<02:45, 15.08s/it]
(Worker pid=1833795) (Worker_TP0 pid=1833795) Loading safetensors checkpoint shards:  94% Completed | 153/163 [34:32<02:29, 15.00s/it]
(Worker pid=1833795) (Worker_TP0 pid=1833795) Loading safetensors checkpoint shards:  94% Completed | 154/163 [34:47<02:13, 14.81s/it]
(Worker pid=1833795) (Worker_TP0 pid=1833795) Loading safetensors checkpoint shards:  95% Completed | 155/163 [35:03<02:00, 15.06s/it]
(Worker pid=1833795) (Worker_TP0 pid=1833795) Loading safetensors checkpoint shards:  96% Completed | 156/163 [35:17<01:44, 14.87s/it]
(Worker pid=1833795) (Worker_TP0 pid=1833795) Loading safetensors checkpoint shards:  96% Completed | 157/163 [35:33<01:31, 15.20s/it]
(Worker pid=1833795) (Worker_TP0 pid=1833795) Loading safetensors checkpoint shards:  97% Completed | 158/163 [35:47<01:14, 14.97s/it]
(Worker pid=1833795) (Worker_TP0 pid=1833795) Loading safetensors checkpoint shards:  98% Completed | 159/163 [36:03<01:00, 15.06s/it]
(Worker pid=1833795) (Worker_TP0 pid=1833795) Loading safetensors checkpoint shards:  98% Completed | 160/163 [36:17<00:44, 14.90s/it]
(Worker pid=1833795) (Worker_TP0 pid=1833795) Loading safetensors checkpoint shards:  99% Completed | 161/163 [36:19<00:22, 11.04s/it]
(Worker pid=1833795) (Worker_TP0 pid=1833795) Loading safetensors checkpoint shards:  99% Completed | 162/163 [36:21<00:08,  8.22s/it]
(Worker pid=1833795) (Worker_TP0 pid=1833795) Loading safetensors checkpoint shards: 100% Completed | 163/163 [36:22<00:00,  6.08s/it]
(Worker pid=1833795) (Worker_TP0 pid=1833795) Loading safetensors checkpoint shards: 100% Completed | 163/163 [36:22<00:00, 13.39s/it]
(Worker pid=1833795) (Worker_TP0 pid=1833795) 
(Worker pid=1833795) (Worker_TP0 pid=1833795) INFO 03-29 11:07:08 [default_loader.py:293] Loading weights took 2182.47 seconds
(Worker pid=1833795) (Worker_TP0 pid=1833795) INFO 03-29 11:07:25 [fp8.py:539] Using MoEPrepareAndFinalizeNoDPEPModular
(Worker pid=1833795) (Worker_TP0 pid=1833795) INFO 03-29 11:07:26 [gpu_model_runner.py:4364] Model loading took 80.62 GiB memory and 2203.591557 seconds
(Worker pid=1833795) (Worker_TP0 pid=1833795) INFO 03-29 11:07:35 [decorators.py:465] Directly load AOT compilation from path /home/wxy320/.cache/vllm/torch_compile_cache/torch_aot_compile/75c2be32c447314ebf2d55df82d7e47356aa804c8daab3d3a0009ed287599f11/rank_0_0/model
(Worker pid=1833799) (Worker_TP4 pid=1833799) INFO 03-29 11:07:35 [decorators.py:465] Directly load AOT compilation from path /home/wxy320/.cache/vllm/torch_compile_cache/torch_aot_compile/75c2be32c447314ebf2d55df82d7e47356aa804c8daab3d3a0009ed287599f11/rank_4_0/model
(Worker pid=1833795) (Worker_TP0 pid=1833795) INFO 03-29 11:07:35 [backends.py:916] Using cache directory: /home/wxy320/.cache/vllm/torch_compile_cache/9b327b5f47/rank_0_0/backbone for vLLM's torch.compile
(Worker pid=1833795) (Worker_TP0 pid=1833795) INFO 03-29 11:07:35 [backends.py:976] Dynamo bytecode transform time: 6.47 s
(Worker pid=1833802) (Worker_TP7 pid=1833802) INFO 03-29 11:07:35 [decorators.py:465] Directly load AOT compilation from path /home/wxy320/.cache/vllm/torch_compile_cache/torch_aot_compile/75c2be32c447314ebf2d55df82d7e47356aa804c8daab3d3a0009ed287599f11/rank_7_0/model
(Worker pid=1833798) (Worker_TP3 pid=1833798) INFO 03-29 11:07:35 [decorators.py:465] Directly load AOT compilation from path /home/wxy320/.cache/vllm/torch_compile_cache/torch_aot_compile/75c2be32c447314ebf2d55df82d7e47356aa804c8daab3d3a0009ed287599f11/rank_3_0/model
(Worker pid=1833795) (Worker_TP0 pid=1833795) [2026-03-29 11:07:35] INFO mnnvl.py:942: [SymmDeviceMemory] Rank: 0, Group size: 8, device_idx: 0, Signal pad offset: 4194304
(Worker pid=1833799) (Worker_TP4 pid=1833799) [2026-03-29 11:07:35] INFO mnnvl.py:942: [SymmDeviceMemory] Rank: 4, Group size: 8, device_idx: 4, Signal pad offset: 4194304
(Worker pid=1833802) (Worker_TP7 pid=1833802) [2026-03-29 11:07:35] INFO mnnvl.py:942: [SymmDeviceMemory] Rank: 7, Group size: 8, device_idx: 7, Signal pad offset: 4194304
(Worker pid=1833800) (Worker_TP5 pid=1833800) INFO 03-29 11:07:35 [decorators.py:465] Directly load AOT compilation from path /home/wxy320/.cache/vllm/torch_compile_cache/torch_aot_compile/75c2be32c447314ebf2d55df82d7e47356aa804c8daab3d3a0009ed287599f11/rank_5_0/model
(Worker pid=1833798) (Worker_TP3 pid=1833798) [2026-03-29 11:07:35] INFO mnnvl.py:942: [SymmDeviceMemory] Rank: 3, Group size: 8, device_idx: 3, Signal pad offset: 4194304
(Worker pid=1833796) (Worker_TP1 pid=1833796) INFO 03-29 11:07:35 [decorators.py:465] Directly load AOT compilation from path /home/wxy320/.cache/vllm/torch_compile_cache/torch_aot_compile/75c2be32c447314ebf2d55df82d7e47356aa804c8daab3d3a0009ed287599f11/rank_1_0/model
(Worker pid=1833800) (Worker_TP5 pid=1833800) [2026-03-29 11:07:35] INFO mnnvl.py:942: [SymmDeviceMemory] Rank: 5, Group size: 8, device_idx: 5, Signal pad offset: 4194304
(Worker pid=1833797) (Worker_TP2 pid=1833797) INFO 03-29 11:07:35 [decorators.py:465] Directly load AOT compilation from path /home/wxy320/.cache/vllm/torch_compile_cache/torch_aot_compile/75c2be32c447314ebf2d55df82d7e47356aa804c8daab3d3a0009ed287599f11/rank_2_0/model
(Worker pid=1833801) (Worker_TP6 pid=1833801) INFO 03-29 11:07:35 [decorators.py:465] Directly load AOT compilation from path /home/wxy320/.cache/vllm/torch_compile_cache/torch_aot_compile/75c2be32c447314ebf2d55df82d7e47356aa804c8daab3d3a0009ed287599f11/rank_6_0/model
(Worker pid=1833796) (Worker_TP1 pid=1833796) [2026-03-29 11:07:35] INFO mnnvl.py:942: [SymmDeviceMemory] Rank: 1, Group size: 8, device_idx: 1, Signal pad offset: 4194304
(Worker pid=1833797) (Worker_TP2 pid=1833797) [2026-03-29 11:07:35] INFO mnnvl.py:942: [SymmDeviceMemory] Rank: 2, Group size: 8, device_idx: 2, Signal pad offset: 4194304
(Worker pid=1833801) (Worker_TP6 pid=1833801) [2026-03-29 11:07:35] INFO mnnvl.py:942: [SymmDeviceMemory] Rank: 6, Group size: 8, device_idx: 6, Signal pad offset: 4194304
(Worker pid=1833795) (Worker_TP0 pid=1833795) /usr/local/lib/python3.12/dist-packages/torch/distributed/c10d_logger.py:83: UserWarning: barrier(): using the device under current context. You can specify `device_id` in `init_process_group` to mute this warning.
(Worker pid=1833795) (Worker_TP0 pid=1833795)   return func(*args, **kwargs)
(Worker pid=1833795) (Worker_TP0 pid=1833795) [2026-03-29 11:07:36] INFO mnnvl.py:942: [SymmDeviceMemory] Rank: 0, Group size: 8, device_idx: 0, Signal pad offset: 2097152
(Worker pid=1833796) (Worker_TP1 pid=1833796) [2026-03-29 11:07:36] INFO mnnvl.py:942: [SymmDeviceMemory] Rank: 1, Group size: 8, device_idx: 1, Signal pad offset: 2097152
(Worker pid=1833801) (Worker_TP6 pid=1833801) [2026-03-29 11:07:36] INFO mnnvl.py:942: [SymmDeviceMemory] Rank: 6, Group size: 8, device_idx: 6, Signal pad offset: 2097152
(Worker pid=1833800) (Worker_TP5 pid=1833800) [2026-03-29 11:07:36] INFO mnnvl.py:942: [SymmDeviceMemory] Rank: 5, Group size: 8, device_idx: 5, Signal pad offset: 2097152
(Worker pid=1833799) (Worker_TP4 pid=1833799) [2026-03-29 11:07:36] INFO mnnvl.py:942: [SymmDeviceMemory] Rank: 4, Group size: 8, device_idx: 4, Signal pad offset: 2097152
(Worker pid=1833798) (Worker_TP3 pid=1833798) [2026-03-29 11:07:36] INFO mnnvl.py:942: [SymmDeviceMemory] Rank: 3, Group size: 8, device_idx: 3, Signal pad offset: 2097152
(Worker pid=1833802) (Worker_TP7 pid=1833802) [2026-03-29 11:07:36] INFO mnnvl.py:942: [SymmDeviceMemory] Rank: 7, Group size: 8, device_idx: 7, Signal pad offset: 2097152
(Worker pid=1833797) (Worker_TP2 pid=1833797) [2026-03-29 11:07:36] INFO mnnvl.py:942: [SymmDeviceMemory] Rank: 2, Group size: 8, device_idx: 2, Signal pad offset: 2097152
(Worker pid=1833800) (Worker_TP5 pid=1833800) [2026-03-29 11:07:36] INFO mnnvl.py:942: [SymmDeviceMemory] Rank: 5, Group size: 8, device_idx: 5, Signal pad offset: 12582912
(Worker pid=1833802) (Worker_TP7 pid=1833802) [2026-03-29 11:07:36] INFO mnnvl.py:942: [SymmDeviceMemory] Rank: 7, Group size: 8, device_idx: 7, Signal pad offset: 12582912
(Worker pid=1833798) (Worker_TP3 pid=1833798) [2026-03-29 11:07:36] INFO mnnvl.py:942: [SymmDeviceMemory] Rank: 3, Group size: 8, device_idx: 3, Signal pad offset: 12582912
(Worker pid=1833799) (Worker_TP4 pid=1833799) [2026-03-29 11:07:36] INFO mnnvl.py:942: [SymmDeviceMemory] Rank: 4, Group size: 8, device_idx: 4, Signal pad offset: 12582912
(Worker pid=1833797) (Worker_TP2 pid=1833797) [2026-03-29 11:07:36] INFO mnnvl.py:942: [SymmDeviceMemory] Rank: 2, Group size: 8, device_idx: 2, Signal pad offset: 12582912
(Worker pid=1833801) (Worker_TP6 pid=1833801) [2026-03-29 11:07:36] INFO mnnvl.py:942: [SymmDeviceMemory] Rank: 6, Group size: 8, device_idx: 6, Signal pad offset: 12582912
(Worker pid=1833796) (Worker_TP1 pid=1833796) [2026-03-29 11:07:36] INFO mnnvl.py:942: [SymmDeviceMemory] Rank: 1, Group size: 8, device_idx: 1, Signal pad offset: 12582912
(Worker pid=1833795) (Worker_TP0 pid=1833795) [2026-03-29 11:07:36] INFO mnnvl.py:942: [SymmDeviceMemory] Rank: 0, Group size: 8, device_idx: 0, Signal pad offset: 12582912
[2026-03-29 11:07:36.775] [info] lamportInitialize start: buffer: 0xdf20000000, size: 6291456
[2026-03-29 11:07:36.775] [info] lamportInitialize start: buffer: 0xde80000000, size: 6291456
[2026-03-29 11:07:36.775] [info] lamportInitialize start: buffer: 0xdf60000000, size: 6291456
[2026-03-29 11:07:36.775] [info] lamportInitialize start: buffer: 0xdee0000000, size: 6291456
[2026-03-29 11:07:36.775] [info] lamportInitialize start: buffer: 0xdf00000000, size: 6291456
[2026-03-29 11:07:36.775] [info] lamportInitialize start: buffer: 0xdec0000000, size: 6291456
[2026-03-29 11:07:36.775] [info] lamportInitialize start: buffer: 0xdf40000000, size: 6291456
[2026-03-29 11:07:36.775] [info] lamportInitialize start: buffer: 0xdea0000000, size: 6291456
(Worker pid=1833801) (Worker_TP6 pid=1833801) rank 6 allocated ipc_handles: [['0xdc80000000', '0xdca0000000', '0xdcc0000000', '0xdce0000000', '0xdd00000000', '0xdd20000000', '0xdd40000000', '0xdd60000000'], ['0xdd80000000', '0xdda0000000', '0xddc0000000', '0xdde0000000', '0xde00000000', '0xde20000000', '0xde40000000', '0xde60000000'], ['0xde80000000', '0xdea0000000', '0xdec0000000', '0xdee0000000', '0xdf00000000', '0xdf20000000', '0xdf40000000', '0xdf60000000']]
(Worker pid=1833801) (Worker_TP6 pid=1833801) set flag_ptr[3] = lamport_comm_size:  4128768
(Worker pid=1833801) (Worker_TP6 pid=1833801) Rank 6 workspace[0] 0xdc80000000
(Worker pid=1833801) (Worker_TP6 pid=1833801) Rank 6 workspace[1] 0xdca0000000
(Worker pid=1833801) (Worker_TP6 pid=1833801) Rank 6 workspace[2] 0xdcc0000000
(Worker pid=1833801) (Worker_TP6 pid=1833801) Rank 6 workspace[3] 0xdce0000000
(Worker pid=1833801) (Worker_TP6 pid=1833801) Rank 6 workspace[4] 0xdd00000000
(Worker pid=1833801) (Worker_TP6 pid=1833801) Rank 6 workspace[5] 0xdd20000000
(Worker pid=1833801) (Worker_TP6 pid=1833801) Rank 6 workspace[6] 0xdd40000000
(Worker pid=1833801) (Worker_TP6 pid=1833801) Rank 6 workspace[7] 0xdd60000000
(Worker pid=1833801) (Worker_TP6 pid=1833801) Rank 6 workspace[8] 0xdd80000000
(Worker pid=1833801) (Worker_TP6 pid=1833801) Rank 6 workspace[9] 0xdda0000000
(Worker pid=1833801) (Worker_TP6 pid=1833801) Rank 6 workspace[10] 0xddc0000000
(Worker pid=1833801) (Worker_TP6 pid=1833801) Rank 6 workspace[11] 0xdde0000000
(Worker pid=1833801) (Worker_TP6 pid=1833801) Rank 6 workspace[12] 0xde00000000
(Worker pid=1833801) (Worker_TP6 pid=1833801) Rank 6 workspace[13] 0xde20000000
(Worker pid=1833801) (Worker_TP6 pid=1833801) Rank 6 workspace[14] 0xde40000000
(Worker pid=1833801) (Worker_TP6 pid=1833801) Rank 6 workspace[15] 0xde60000000
(Worker pid=1833801) (Worker_TP6 pid=1833801) Rank 6 workspace[16] 0xde80000000
(Worker pid=1833801) (Worker_TP6 pid=1833801) Rank 6 workspace[17] 0xdea0000000
(Worker pid=1833801) (Worker_TP6 pid=1833801) Rank 6 workspace[18] 0xdec0000000
(Worker pid=1833801) (Worker_TP6 pid=1833801) Rank 6 workspace[19] 0xdee0000000
(Worker pid=1833801) (Worker_TP6 pid=1833801) Rank 6 workspace[20] 0xdf00000000
(Worker pid=1833801) (Worker_TP6 pid=1833801) Rank 6 workspace[21] 0xdf20000000
(Worker pid=1833801) (Worker_TP6 pid=1833801) Rank 6 workspace[22] 0xdf40000000
(Worker pid=1833801) (Worker_TP6 pid=1833801) Rank 6 workspace[23] 0xdf60000000
(Worker pid=1833801) (Worker_TP6 pid=1833801) Rank 6 workspace[24] 0x5032281000
(Worker pid=1833801) (Worker_TP6 pid=1833801) INFO 03-29 11:07:40 [backends.py:350] Cache the graph of compile range (37, 8192) for later use
(Worker pid=1833796) (Worker_TP1 pid=1833796) rank 1 allocated ipc_handles: [['0xdc80000000', '0xdca0000000', '0xdcc0000000', '0xdce0000000', '0xdd00000000', '0xdd20000000', '0xdd40000000', '0xdd60000000'], ['0xdd80000000', '0xdda0000000', '0xddc0000000', '0xdde0000000', '0xde00000000', '0xde20000000', '0xde40000000', '0xde60000000'], ['0xde80000000', '0xdea0000000', '0xdec0000000', '0xdee0000000', '0xdf00000000', '0xdf20000000', '0xdf40000000', '0xdf60000000']]
(Worker pid=1833796) (Worker_TP1 pid=1833796) set flag_ptr[3] = lamport_comm_size:  4128768
(Worker pid=1833796) (Worker_TP1 pid=1833796) Rank 1 workspace[0] 0xdc80000000
(Worker pid=1833796) (Worker_TP1 pid=1833796) Rank 1 workspace[1] 0xdca0000000
(Worker pid=1833796) (Worker_TP1 pid=1833796) Rank 1 workspace[2] 0xdcc0000000
(Worker pid=1833796) (Worker_TP1 pid=1833796) Rank 1 workspace[3] 0xdce0000000
(Worker pid=1833796) (Worker_TP1 pid=1833796) Rank 1 workspace[4] 0xdd00000000
(Worker pid=1833796) (Worker_TP1 pid=1833796) Rank 1 workspace[5] 0xdd20000000
(Worker pid=1833796) (Worker_TP1 pid=1833796) Rank 1 workspace[6] 0xdd40000000
(Worker pid=1833796) (Worker_TP1 pid=1833796) Rank 1 workspace[7] 0xdd60000000
(Worker pid=1833796) (Worker_TP1 pid=1833796) Rank 1 workspace[8] 0xdd80000000
(Worker pid=1833796) (Worker_TP1 pid=1833796) Rank 1 workspace[9] 0xdda0000000
(Worker pid=1833796) (Worker_TP1 pid=1833796) Rank 1 workspace[10] 0xddc0000000
(Worker pid=1833796) (Worker_TP1 pid=1833796) Rank 1 workspace[11] 0xdde0000000
(Worker pid=1833796) (Worker_TP1 pid=1833796) Rank 1 workspace[12] 0xde00000000
(Worker pid=1833796) (Worker_TP1 pid=1833796) Rank 1 workspace[13] 0xde20000000
(Worker pid=1833796) (Worker_TP1 pid=1833796) Rank 1 workspace[14] 0xde40000000
(Worker pid=1833796) (Worker_TP1 pid=1833796) Rank 1 workspace[15] 0xde60000000
(Worker pid=1833796) (Worker_TP1 pid=1833796) Rank 1 workspace[16] 0xde80000000
(Worker pid=1833796) (Worker_TP1 pid=1833796) Rank 1 workspace[17] 0xdea0000000
(Worker pid=1833796) (Worker_TP1 pid=1833796) Rank 1 workspace[18] 0xdec0000000
(Worker pid=1833796) (Worker_TP1 pid=1833796) Rank 1 workspace[19] 0xdee0000000
(Worker pid=1833796) (Worker_TP1 pid=1833796) Rank 1 workspace[20] 0xdf00000000
(Worker pid=1833796) (Worker_TP1 pid=1833796) Rank 1 workspace[21] 0xdf20000000
